.\venv\Scripts\python.exe 
: C:\Users\VEERESH AWARALL
I\.gemini\antigravity\scra
tch\event_registration\tes
t_gemini.py:3: 
FutureWarning: 
At line:1 char:1
+ 
.\venv\Scripts\python.exe 
test_gemini.py *> 
test_output_utf8.txt; [Sy 
...
+ ~~~~~~~~~~~~~~~~~~~~~~~~
~~~~~~~~~~~~~~~~~~~~~~~~~~
~~~~~~~~~~~~~~
    + CategoryInfo        
      : NotSpecified: (C  
  :\Users\VEERES...Futu   
 reWarning: :String) [    
], RemoteException
    + FullyQualifiedError 
   Id : NativeCommandErr  
  or
 

All support for the 
`google.generativeai` 
package has ended. It 
will no longer be 
receiving 
updates or bug fixes. 
Please switch to the 
`google.genai` package as 
soon as possible.
See README for more 
details:

https://github.com/google-
gemini/deprecated-generati
ve-ai-python/blob/main/REA
DME.md

  import 
google.generativeai as 
genai
Traceback (most recent 
call last):
  File "C:\Users\VEERESH A
WARALLI\.gemini\antigravit
y\scratch\event_registrati
on\test_gemini.py", line 
13, in <module>
    response = model.gener
ate_content('Say hello in 
one sentence')
  File "C:\Users\VEERESH A
WARALLI\.gemini\antigravit
y\scratch\event_registrati
on\venv\Lib\site-packages\
google\generativeai\genera
tive_models.py", line 
331, in generate_content
    response = self._clien
t.generate_content(
        request,
        **request_options,
    )
  File "C:\Users\VEERESH A
WARALLI\.gemini\antigravit
y\scratch\event_registrati
on\venv\Lib\site-packages\
google\ai\generativelangua
ge_v1beta\services\generat
ive_service\client.py", 
line 835, in 
generate_content
    response = rpc(
        request,
    ...<2 lines>...
        metadata=metadata,
    )
  File "C:\Users\VEERESH A
WARALLI\.gemini\antigravit
y\scratch\event_registrati
on\venv\Lib\site-packages\
google\api_core\gapic_v1\m
ethod.py", line 131, in 
__call__
    return 
wrapped_func(*args, 
**kwargs)
  File "C:\Users\VEERESH A
WARALLI\.gemini\antigravit
y\scratch\event_registrati
on\venv\Lib\site-packages\
google\api_core\retry\retr
y_unary.py", line 294, in 
retry_wrapped_func
    return retry_target(
        target,
    ...<3 lines>...
        on_error=on_error,
    )
  File "C:\Users\VEERESH A
WARALLI\.gemini\antigravit
y\scratch\event_registrati
on\venv\Lib\site-packages\
google\api_core\retry\retr
y_unary.py", line 156, in 
retry_target
    next_sleep = 
_retry_error_helper(
        exc,
    ...<6 lines>...
        timeout,
    )
  File "C:\Users\VEERESH A
WARALLI\.gemini\antigravit
y\scratch\event_registrati
on\venv\Lib\site-packages\
google\api_core\retry\retr
y_base.py", line 214, in 
_retry_error_helper
    raise final_exc from 
source_exc
  File "C:\Users\VEERESH A
WARALLI\.gemini\antigravit
y\scratch\event_registrati
on\venv\Lib\site-packages\
google\api_core\retry\retr
y_unary.py", line 147, in 
retry_target
    result = target()
  File "C:\Users\VEERESH A
WARALLI\.gemini\antigravit
y\scratch\event_registrati
on\venv\Lib\site-packages\
google\api_core\timeout.py
", line 130, in 
func_with_timeout
    return func(*args, 
**kwargs)
  File "C:\Users\VEERESH A
WARALLI\.gemini\antigravit
y\scratch\event_registrati
on\venv\Lib\site-packages\
google\api_core\grpc_helpe
rs.py", line 77, in 
error_remapped_callable
    raise exceptions.from_
grpc_error(exc) from exc
google.api_core.exceptions
.NotFound: 404 
models/gemini-1.5-flash 
is not found for API 
version v1beta, or is not 
supported for 
generateContent. Call 
ListModels to see the 
list of available models 
and their supported 
methods.
API Key present: True
Library version: 0.8.6
Model created successfully
ERROR TYPE: NotFound
ERROR: 404 models/gemini-1.5-flash is not found for API version v1beta, or is not supported for generateContent. Call ListModels to see the list of available models and their supported methods.
